// Vitest Snapshot v1

exports[`ErrorMessage > snapshot 1`] = `
<body>
  <div>
    <div
      class="cds--bmrg-error-message"
    >
      <svg
        alt="Warning"
        aria-hidden="true"
        class="cds--bmrg-error-message__img"
        fill="currentColor"
        focusable="false"
        height="16"
        preserveAspectRatio="xMidYMid meet"
        viewBox="0 0 16 16"
        width="16"
        xmlns="http://www.w3.org/2000/svg"
      >
        <path
          d="M8,1C4.1,1,1,4.1,1,8s3.1,7,7,7s7-3.1,7-7S11.9,1,8,1z M8,14c-3.3,0-6-2.7-6-6s2.7-6,6-6s6,2.7,6,6S11.3,14,8,14z"
        />
        <path
          d="M7.5 4H8.5V9H7.5zM8 10.2c-.4 0-.8.3-.8.8s.3.8.8.8c.4 0 .8-.3.8-.8S8.4 10.2 8 10.2z"
        />
      </svg>
      <h2
        class="cds--bmrg-error-message__text"
      >
        Oops, something went wrong.
      </h2>
      <div
        class="cds--bmrg-error-message__status"
      >
        Status: testStatus testText
      </div>
      <p
        class="cds--bmrg-error-message__subtext"
      >
        Try reloading the page. And if you could be so kind, please send us an issue report.
      </p>
    </div>
  </div>
</body>
`;
